19-Sep-26 08:48:57 - INFO - resuming with 40 cached molecules (__main__)
19-Sep-26 09:11:36 - INFO - profiling 5 molecules (__main__)
19-Sep-26 09:11:36 - INFO - Rotatable bonds: 9 for 'CC(C)C(C=C(C(C)C)C=C1C(C)C)=C1C2=C(P([C@@]3(C[C@@H]4C5)C[C@H](C4)C[C@H]5C3)[C@]6(C7)C[C@@H](C[C@@H]7C8)C[C@@H]8C6)C(OC)=CC=C2OC' (conformer)
19-Sep-26 09:11:51 - INFO - Generated 51 conformers for 'CC(C)C(C=C(C(C)C)C=C1C(C)C)=C1C2=C(P([C@@]3(C[C@@H]4C5)C[C@H](C4)C[C@H]5C3)[C@]6(C7)C[C@@H](C[C@@H]7C8)C[C@@H]8C6)C(OC)=CC=C2OC' (conformer)
19-Sep-26 09:11:52 - INFO - MMFF optimisation used for 'CC(C)C(C=C(C(C)C)C=C1C(C)C)=C1C2=C(P([C@@]3(C[C@@H]4C5)C[C@H](C4)C[C@H]5C3)[C@]6(C7)C[C@@H](C[C@@H]7C8)C[C@@H]8C6)C(OC)=CC=C2OC' (conformer)
19-Sep-26 09:11:52 - INFO - Loading MACE model 'C:\\Users\\jeffa\\.cache\\mace\\macemh1model' on cuda (conformer)
19-Sep-26 09:11:52 - WARNING - D:\Conda\envs\aimnet-bo\Lib\site-packages\mace\calculators\mace.py:226: UserWarning: Environment variable TORCH_FORCE_NO_WEIGHTS_ONLY_LOAD detected, since the`weights_only` argument was not explicitly passed to `torch.load`, forcing weights_only=False.
  torch.load(f=model_path, map_location=device)
 (py.warnings)
19-Sep-26 09:11:55 - INFO - CUDA version: 13.0, CUDA device: 0 (root)
19-Sep-26 09:11:55 - INFO - Using head omol out of  ['matpes_r2scan', 'mp_pbe_refit_add', 'spice_wB97M', 'oc20_usemppbe', 'omol', 'omat_pbe'] (root)
19-Sep-26 09:12:17 - INFO - 1/5  4 clusters, 4 relaxed, rho 0.80, 41 s (__main__)
19-Sep-26 09:12:17 - INFO - Rotatable bonds: 7 for 'CC(C)C(C=C(C(C)C)C=C1C(C)C)=C1C2=C(P(C3CCCCC3)C4CCCCC4)C=CC=C2' (conformer)
19-Sep-26 09:12:30 - INFO - Generated 271 conformers for 'CC(C)C(C=C(C(C)C)C=C1C(C)C)=C1C2=C(P(C3CCCCC3)C4CCCCC4)C=CC=C2' (conformer)
19-Sep-26 09:12:33 - INFO - MMFF optimisation used for 'CC(C)C(C=C(C(C)C)C=C1C(C)C)=C1C2=C(P(C3CCCCC3)C4CCCCC4)C=CC=C2' (conformer)
19-Sep-26 09:13:29 - INFO - 2/5  18 clusters, 18 relaxed, rho 0.60, 73 s (__main__)
19-Sep-26 09:13:29 - INFO - Rotatable bonds: 7 for 'CC(C)C(C=C(C(C)C)C=C1C(C)C)=C1C2=C(P(C(C)(C)C)C(C)(C)C)C(OC)=CC=C2OC' (conformer)
19-Sep-26 09:13:35 - INFO - Generated 28 conformers for 'CC(C)C(C=C(C(C)C)C=C1C(C)C)=C1C2=C(P(C(C)(C)C)C(C)(C)C)C(OC)=CC=C2OC' (conformer)
19-Sep-26 09:13:36 - INFO - MMFF optimisation used for 'CC(C)C(C=C(C(C)C)C=C1C(C)C)=C1C2=C(P(C(C)(C)C)C(C)(C)C)C(OC)=CC=C2OC' (conformer)
19-Sep-26 09:13:53 - INFO - 3/5  6 clusters, 6 relaxed, rho 0.89, 23 s (__main__)
19-Sep-26 09:13:53 - INFO - Rotatable bonds: 5 for 'CC(C)C(C=C(C(C)C)C=C1C(C)C)=C1C2=C(P(C(C)(C)C)C(C)(C)C)C=CC=C2' (conformer)
19-Sep-26 09:13:56 - INFO - Generated 28 conformers for 'CC(C)C(C=C(C(C)C)C=C1C(C)C)=C1C2=C(P(C(C)(C)C)C(C)(C)C)C=CC=C2' (conformer)
19-Sep-26 09:13:56 - INFO - MMFF optimisation used for 'CC(C)C(C=C(C(C)C)C=C1C(C)C)=C1C2=C(P(C(C)(C)C)C(C)(C)C)C=CC=C2' (conformer)
19-Sep-26 09:14:05 - INFO - 4/5  4 clusters, 4 relaxed, rho 0.80, 12 s (__main__)
19-Sep-26 09:14:05 - INFO - Rotatable bonds: 0 for 'CC1=CC(C)=NO1' (conformer)
19-Sep-26 09:14:05 - INFO - Generated 1 conformers for 'CC1=CC(C)=NO1' (conformer)
19-Sep-26 09:14:05 - INFO - MMFF optimisation used for 'CC1=CC(C)=NO1' (conformer)
19-Sep-26 09:14:05 - INFO - 5/5  1 clusters, 1 relaxed, rho nan, 0 s (__main__)
19-Sep-26 09:14:59 - INFO - resuming with 5 cached molecules (__main__)
19-Sep-26 09:14:59 - INFO - profiling 39 molecules (__main__)
19-Sep-26 09:14:59 - INFO - Rotatable bonds: 1 for 'O=C(OC)C1=CC=NO1' (conformer)
19-Sep-26 09:14:59 - INFO - Generated 2 conformers for 'O=C(OC)C1=CC=NO1' (conformer)
19-Sep-26 09:14:59 - INFO - MMFF optimisation used for 'O=C(OC)C1=CC=NO1' (conformer)
19-Sep-26 09:14:59 - INFO - Loading MACE model 'C:\\Users\\jeffa\\.cache\\mace\\macemh1model' on cuda (conformer)
19-Sep-26 09:14:59 - WARNING - D:\Conda\envs\aimnet-bo\Lib\site-packages\mace\calculators\mace.py:226: UserWarning: Environment variable TORCH_FORCE_NO_WEIGHTS_ONLY_LOAD detected, since the`weights_only` argument was not explicitly passed to `torch.load`, forcing weights_only=False.
  torch.load(f=model_path, map_location=device)
 (py.warnings)
19-Sep-26 09:15:02 - INFO - CUDA version: 13.0, CUDA device: 0 (root)
19-Sep-26 09:15:02 - INFO - Using head omol out of  ['matpes_r2scan', 'mp_pbe_refit_add', 'spice_wB97M', 'oc20_usemppbe', 'omol', 'omat_pbe'] (root)
19-Sep-26 09:15:05 - INFO - 1/39  2 clusters, 2 relaxed, rho nan, 6 s (__main__)
19-Sep-26 09:15:05 - INFO - Rotatable bonds: 2 for 'CCOC(C1=CON=C1)=O' (conformer)
19-Sep-26 09:15:05 - INFO - Generated 6 conformers for 'CCOC(C1=CON=C1)=O' (conformer)
19-Sep-26 09:15:05 - INFO - MMFF optimisation used for 'CCOC(C1=CON=C1)=O' (conformer)
19-Sep-26 09:15:08 - INFO - 2/39  6 clusters, 6 relaxed, rho -0.14, 3 s (__main__)
19-Sep-26 09:15:08 - INFO - Rotatable bonds: 2 for 'CCOC(C1=NOC=C1)=O' (conformer)
19-Sep-26 09:15:08 - INFO - Generated 6 conformers for 'CCOC(C1=NOC=C1)=O' (conformer)
19-Sep-26 09:15:08 - INFO - MMFF optimisation used for 'CCOC(C1=NOC=C1)=O' (conformer)
19-Sep-26 09:15:11 - INFO - 3/39  6 clusters, 6 relaxed, rho 1.00, 3 s (__main__)
19-Sep-26 09:15:11 - INFO - Rotatable bonds: 2 for 'CC1=C(C(OCC)=O)C=NO1' (conformer)
19-Sep-26 09:15:11 - INFO - Generated 6 conformers for 'CC1=C(C(OCC)=O)C=NO1' (conformer)
19-Sep-26 09:15:11 - INFO - MMFF optimisation used for 'CC1=C(C(OCC)=O)C=NO1' (conformer)
19-Sep-26 09:15:13 - INFO - 4/39  6 clusters, 6 relaxed, rho 1.00, 3 s (__main__)
19-Sep-26 09:15:13 - INFO - Rotatable bonds: 0 for 'CC1=NOC=C1' (conformer)
19-Sep-26 09:15:13 - INFO - Generated 1 conformers for 'CC1=NOC=C1' (conformer)
19-Sep-26 09:15:13 - INFO - MMFF optimisation used for 'CC1=NOC=C1' (conformer)
19-Sep-26 09:15:13 - INFO - 5/39  1 clusters, 1 relaxed, rho nan, 0 s (__main__)
19-Sep-26 09:15:13 - INFO - Rotatable bonds: 1 for 'C1(C2=CC=CC=C2)=CON=C1' (conformer)
19-Sep-26 09:15:13 - INFO - Generated 1 conformers for 'C1(C2=CC=CC=C2)=CON=C1' (conformer)
19-Sep-26 09:15:13 - INFO - MMFF optimisation used for 'C1(C2=CC=CC=C2)=CON=C1' (conformer)
19-Sep-26 09:15:14 - INFO - 6/39  1 clusters, 1 relaxed, rho nan, 0 s (__main__)
19-Sep-26 09:15:14 - INFO - Rotatable bonds: 1 for 'FC(C=CC=C1F)=C1C2=CC=NO2' (conformer)
19-Sep-26 09:15:14 - INFO - Generated 1 conformers for 'FC(C=CC=C1F)=C1C2=CC=NO2' (conformer)
19-Sep-26 09:15:14 - INFO - MMFF optimisation used for 'FC(C=CC=C1F)=C1C2=CC=NO2' (conformer)
19-Sep-26 09:15:14 - INFO - 7/39  1 clusters, 1 relaxed, rho nan, 1 s (__main__)
19-Sep-26 09:15:14 - INFO - Rotatable bonds: 1 for 'C1(C2=CC=CC=C2)=NOC=C1' (conformer)
19-Sep-26 09:15:15 - INFO - Generated 1 conformers for 'C1(C2=CC=CC=C2)=NOC=C1' (conformer)
19-Sep-26 09:15:15 - INFO - MMFF optimisation used for 'C1(C2=CC=CC=C2)=NOC=C1' (conformer)
19-Sep-26 09:15:15 - INFO - 8/39  1 clusters, 1 relaxed, rho nan, 0 s (__main__)
19-Sep-26 09:15:15 - INFO - Rotatable bonds: 2 for 'O=C(OC)C1=NOC(C2=CC=CS2)=C1' (conformer)
19-Sep-26 09:15:15 - INFO - Generated 4 conformers for 'O=C(OC)C1=NOC(C2=CC=CS2)=C1' (conformer)
19-Sep-26 09:15:15 - INFO - MMFF optimisation used for 'O=C(OC)C1=NOC(C2=CC=CS2)=C1' (conformer)
19-Sep-26 09:15:18 - INFO - 9/39  4 clusters, 4 relaxed, rho 1.00, 3 s (__main__)
19-Sep-26 09:15:18 - INFO - Rotatable bonds: 1 for 'CC1=NOC(C2=CC=CC=C2)=C1' (conformer)
19-Sep-26 09:15:18 - INFO - Generated 1 conformers for 'CC1=NOC(C2=CC=CC=C2)=C1' (conformer)
19-Sep-26 09:15:18 - INFO - MMFF optimisation used for 'CC1=NOC(C2=CC=CC=C2)=C1' (conformer)
19-Sep-26 09:15:19 - INFO - 10/39  1 clusters, 1 relaxed, rho nan, 0 s (__main__)
19-Sep-26 09:15:19 - INFO - Rotatable bonds: 5 for 'C1(N(CC2=CC=CC=C2)CC3=CC=CC=C3)=NOC=C1' (conformer)
19-Sep-26 09:15:19 - INFO - Generated 29 conformers for 'C1(N(CC2=CC=CC=C2)CC3=CC=CC=C3)=NOC=C1' (conformer)
19-Sep-26 09:15:19 - INFO - MMFF optimisation used for 'C1(N(CC2=CC=CC=C2)CC3=CC=CC=C3)=NOC=C1' (conformer)
19-Sep-26 09:15:31 - INFO - 11/39  12 clusters, 12 relaxed, rho 0.53, 12 s (__main__)
19-Sep-26 09:15:31 - INFO - Rotatable bonds: 2 for 'O=C(OC)C1=NOC(C2=CC=CO2)=C1' (conformer)
19-Sep-26 09:15:31 - INFO - Generated 4 conformers for 'O=C(OC)C1=NOC(C2=CC=CO2)=C1' (conformer)
19-Sep-26 09:15:31 - INFO - MMFF optimisation used for 'O=C(OC)C1=NOC(C2=CC=CO2)=C1' (conformer)
19-Sep-26 09:15:34 - INFO - 12/39  4 clusters, 4 relaxed, rho 1.00, 4 s (__main__)
19-Sep-26 09:15:34 - INFO - Rotatable bonds: 3 for 'COC1=NOC(C(OCC)=O)=C1' (conformer)
19-Sep-26 09:15:34 - INFO - Generated 6 conformers for 'COC1=NOC(C(OCC)=O)=C1' (conformer)
19-Sep-26 09:15:34 - INFO - MMFF optimisation used for 'COC1=NOC(C(OCC)=O)=C1' (conformer)
19-Sep-26 09:15:37 - INFO - 13/39  6 clusters, 6 relaxed, rho 1.00, 2 s (__main__)
19-Sep-26 09:15:37 - INFO - Rotatable bonds: 5 for 'C1(N(CC2=CC=CC=C2)CC3=CC=CC=C3)=CC=NO1' (conformer)
19-Sep-26 09:15:37 - INFO - Generated 27 conformers for 'C1(N(CC2=CC=CC=C2)CC3=CC=CC=C3)=CC=NO1' (conformer)
19-Sep-26 09:15:37 - INFO - MMFF optimisation used for 'C1(N(CC2=CC=CC=C2)CC3=CC=CC=C3)=CC=NO1' (conformer)
19-Sep-26 09:15:44 - INFO - resuming with 18 cached molecules (__main__)
19-Sep-26 09:15:46 - INFO - 14/39  11 clusters, 11 relaxed, rho 0.89, 10 s (__main__)
19-Sep-26 09:15:46 - INFO - Rotatable bonds: 0 for 'CC1=CC=NO1' (conformer)
19-Sep-26 09:15:46 - INFO - Generated 1 conformers for 'CC1=CC=NO1' (conformer)
19-Sep-26 09:15:46 - INFO - MMFF optimisation used for 'CC1=CC=NO1' (conformer)
19-Sep-26 09:15:47 - INFO - 15/39  1 clusters, 1 relaxed, rho nan, 0 s (__main__)
19-Sep-26 09:15:47 - INFO - Rotatable bonds: 2 for 'CC1=NOC(C(OCC)=O)=C1' (conformer)
19-Sep-26 09:15:47 - INFO - Generated 6 conformers for 'CC1=NOC(C(OCC)=O)=C1' (conformer)
19-Sep-26 09:15:47 - INFO - MMFF optimisation used for 'CC1=NOC(C(OCC)=O)=C1' (conformer)
19-Sep-26 09:15:50 - INFO - 16/39  6 clusters, 6 relaxed, rho 0.77, 3 s (__main__)
19-Sep-26 09:15:50 - INFO - Rotatable bonds: 2 for 'CC1=CC(C(OCC)=O)=NO1' (conformer)
19-Sep-26 09:15:50 - INFO - Generated 6 conformers for 'CC1=CC(C(OCC)=O)=NO1' (conformer)
19-Sep-26 09:15:50 - INFO - MMFF optimisation used for 'CC1=CC(C(OCC)=O)=NO1' (conformer)
19-Sep-26 09:15:53 - INFO - 17/39  6 clusters, 6 relaxed, rho 0.89, 4 s (__main__)
19-Sep-26 09:15:54 - INFO - Rotatable bonds: 0 for 'C12=CON=C1C=CC=C2' (conformer)
19-Sep-26 09:15:54 - INFO - Generated 1 conformers for 'C12=CON=C1C=CC=C2' (conformer)
19-Sep-26 09:15:54 - INFO - MMFF optimisation used for 'C12=CON=C1C=CC=C2' (conformer)
19-Sep-26 09:15:54 - INFO - 18/39  1 clusters, 1 relaxed, rho nan, 1 s (__main__)
19-Sep-26 09:15:54 - INFO - Rotatable bonds: 1 for 'CC1=CC(N2C=CC=C2)=NO1' (conformer)
19-Sep-26 09:15:54 - INFO - Generated 2 conformers for 'CC1=CC(N2C=CC=C2)=NO1' (conformer)
19-Sep-26 09:15:54 - INFO - MMFF optimisation used for 'CC1=CC(N2C=CC=C2)=NO1' (conformer)
19-Sep-26 09:15:55 - INFO - 19/39  1 clusters, 1 relaxed, rho nan, 1 s (__main__)
19-Sep-26 09:15:55 - INFO - Rotatable bonds: 1 for 'C1(C2=CC=CC=C2)=CC=NO1' (conformer)
19-Sep-26 09:15:55 - INFO - Generated 1 conformers for 'C1(C2=CC=CC=C2)=CC=NO1' (conformer)
19-Sep-26 09:15:55 - INFO - MMFF optimisation used for 'C1(C2=CC=CC=C2)=CC=NO1' (conformer)
19-Sep-26 09:15:56 - INFO - 20/39  1 clusters, 1 relaxed, rho nan, 1 s (__main__)
19-Sep-26 09:15:56 - INFO - Rotatable bonds: 0 for 'C12=C(C=CC=C2)ON=C1' (conformer)
19-Sep-26 09:15:56 - INFO - Generated 1 conformers for 'C12=C(C=CC=C2)ON=C1' (conformer)
19-Sep-26 09:15:56 - INFO - MMFF optimisation used for 'C12=C(C=CC=C2)ON=C1' (conformer)
19-Sep-26 09:15:56 - INFO - 21/39  1 clusters, 1 relaxed, rho nan, 0 s (__main__)
19-Sep-26 09:15:56 - INFO - Rotatable bonds: 7 for 'CN(C)P(N(C)C)(N(C)C)=NP(N(C)C)(N(C)C)=NCC' (conformer)
19-Sep-26 09:16:21 - INFO - Generated 339 conformers for 'CN(C)P(N(C)C)(N(C)C)=NP(N(C)C)(N(C)C)=NCC' (conformer)
19-Sep-26 09:16:22 - INFO - MMFF optimisation used for 'CN(C)P(N(C)C)(N(C)C)=NP(N(C)C)(N(C)C)=NCC' (conformer)
19-Sep-26 09:18:15 - INFO - 22/39  204 clusters, 20 relaxed, rho 0.35, 139 s (__main__)
19-Sep-26 09:18:15 - INFO - Rotatable bonds: 0 for 'CN1CCCN2C1=NCCC2' (conformer)
19-Sep-26 09:18:15 - INFO - Generated 2 conformers for 'CN1CCCN2C1=NCCC2' (conformer)
19-Sep-26 09:18:15 - INFO - MMFF optimisation used for 'CN1CCCN2C1=NCCC2' (conformer)
19-Sep-26 09:18:17 - INFO - 23/39  2 clusters, 2 relaxed, rho nan, 2 s (__main__)
19-Sep-26 09:18:17 - INFO - Rotatable bonds: 0 for 'CC(C)(C)/N=C(N(C)C)/N(C)C' (conformer)
19-Sep-26 09:18:17 - INFO - Generated 4 conformers for 'CC(C)(C)/N=C(N(C)C)/N(C)C' (conformer)
19-Sep-26 09:18:17 - INFO - MMFF optimisation used for 'CC(C)(C)/N=C(N(C)C)/N(C)C' (conformer)
19-Sep-26 09:18:20 - INFO - 24/39  3 clusters, 3 relaxed, rho 1.00, 3 s (__main__)
19-Sep-26 09:18:20 - INFO - Rotatable bonds: 0 for 'ClC1=NC=CC=C1' (conformer)
19-Sep-26 09:18:20 - INFO - Generated 1 conformers for 'ClC1=NC=CC=C1' (conformer)
19-Sep-26 09:18:20 - INFO - MMFF optimisation used for 'ClC1=NC=CC=C1' (conformer)
19-Sep-26 09:18:20 - INFO - 25/39  1 clusters, 1 relaxed, rho nan, 0 s (__main__)
19-Sep-26 09:18:20 - INFO - Rotatable bonds: 0 for 'BrC1=NC=CC=C1' (conformer)
19-Sep-26 09:18:20 - INFO - Generated 1 conformers for 'BrC1=NC=CC=C1' (conformer)
19-Sep-26 09:18:20 - INFO - MMFF optimisation used for 'BrC1=NC=CC=C1' (conformer)
19-Sep-26 09:18:21 - INFO - 26/39  1 clusters, 1 relaxed, rho nan, 0 s (__main__)
19-Sep-26 09:18:21 - INFO - Rotatable bonds: 1 for 'IC1=CC=C(CC)C=C1' (conformer)
19-Sep-26 09:18:21 - INFO - Generated 1 conformers for 'IC1=CC=C(CC)C=C1' (conformer)
19-Sep-26 09:18:21 - INFO - MMFF optimisation used for 'IC1=CC=C(CC)C=C1' (conformer)
19-Sep-26 09:18:21 - INFO - 27/39  1 clusters, 1 relaxed, rho nan, 0 s (__main__)
19-Sep-26 09:18:21 - INFO - Rotatable bonds: 0 for 'ClC1=CC=C(C(F)(F)F)C=C1' (conformer)
19-Sep-26 09:18:21 - INFO - Generated 1 conformers for 'ClC1=CC=C(C(F)(F)F)C=C1' (conformer)
19-Sep-26 09:18:21 - INFO - MMFF optimisation used for 'ClC1=CC=C(C(F)(F)F)C=C1' (conformer)
19-Sep-26 09:18:21 - INFO - 28/39  1 clusters, 1 relaxed, rho nan, 0 s (__main__)
19-Sep-26 09:18:21 - INFO - Rotatable bonds: 1 for 'ClC1=CC=C(OC)C=C1' (conformer)
19-Sep-26 09:18:21 - INFO - Generated 1 conformers for 'ClC1=CC=C(OC)C=C1' (conformer)
19-Sep-26 09:18:21 - INFO - MMFF optimisation used for 'ClC1=CC=C(OC)C=C1' (conformer)
19-Sep-26 09:18:22 - INFO - 29/39  1 clusters, 1 relaxed, rho nan, 0 s (__main__)
19-Sep-26 09:18:22 - INFO - Rotatable bonds: 0 for 'BrC1=CN=CC=C1' (conformer)
19-Sep-26 09:18:22 - INFO - Generated 1 conformers for 'BrC1=CN=CC=C1' (conformer)
19-Sep-26 09:18:22 - INFO - MMFF optimisation used for 'BrC1=CN=CC=C1' (conformer)
19-Sep-26 09:18:22 - INFO - 30/39  1 clusters, 1 relaxed, rho nan, 0 s (__main__)
19-Sep-26 09:18:22 - INFO - Rotatable bonds: 0 for 'IC1=NC=CC=C1' (conformer)
19-Sep-26 09:18:22 - INFO - Generated 1 conformers for 'IC1=NC=CC=C1' (conformer)
19-Sep-26 09:18:22 - INFO - MMFF optimisation used for 'IC1=NC=CC=C1' (conformer)
19-Sep-26 09:18:22 - INFO - 31/39  1 clusters, 1 relaxed, rho nan, 0 s (__main__)
19-Sep-26 09:18:22 - INFO - Rotatable bonds: 1 for 'BrC1=CC=C(CC)C=C1' (conformer)
19-Sep-26 09:18:22 - INFO - Generated 1 conformers for 'BrC1=CC=C(CC)C=C1' (conformer)
19-Sep-26 09:18:22 - INFO - MMFF optimisation used for 'BrC1=CC=C(CC)C=C1' (conformer)
19-Sep-26 09:18:23 - INFO - 32/39  1 clusters, 1 relaxed, rho nan, 0 s (__main__)
19-Sep-26 09:18:23 - INFO - Rotatable bonds: 0 for 'ClC1=CN=CC=C1' (conformer)
19-Sep-26 09:18:23 - INFO - Generated 1 conformers for 'ClC1=CN=CC=C1' (conformer)
19-Sep-26 09:18:23 - INFO - MMFF optimisation used for 'ClC1=CN=CC=C1' (conformer)
19-Sep-26 09:18:23 - INFO - 33/39  1 clusters, 1 relaxed, rho nan, 0 s (__main__)
19-Sep-26 09:18:23 - INFO - Rotatable bonds: 1 for 'ClC1=CC=C(CC)C=C1' (conformer)
19-Sep-26 09:18:23 - INFO - Generated 1 conformers for 'ClC1=CC=C(CC)C=C1' (conformer)
19-Sep-26 09:18:23 - INFO - MMFF optimisation used for 'ClC1=CC=C(CC)C=C1' (conformer)
19-Sep-26 09:18:23 - INFO - 34/39  1 clusters, 1 relaxed, rho nan, 0 s (__main__)
19-Sep-26 09:18:23 - INFO - Rotatable bonds: 0 for 'IC1=CN=CC=C1' (conformer)
19-Sep-26 09:18:23 - INFO - Generated 1 conformers for 'IC1=CN=CC=C1' (conformer)
19-Sep-26 09:18:23 - INFO - MMFF optimisation used for 'IC1=CN=CC=C1' (conformer)
19-Sep-26 09:18:24 - INFO - 35/39  1 clusters, 1 relaxed, rho nan, 0 s (__main__)
19-Sep-26 09:18:24 - INFO - Rotatable bonds: 1 for 'BrC1=CC=C(OC)C=C1' (conformer)
19-Sep-26 09:18:24 - INFO - Generated 1 conformers for 'BrC1=CC=C(OC)C=C1' (conformer)
19-Sep-26 09:18:24 - INFO - MMFF optimisation used for 'BrC1=CC=C(OC)C=C1' (conformer)
19-Sep-26 09:18:24 - INFO - 36/39  1 clusters, 1 relaxed, rho nan, 0 s (__main__)
19-Sep-26 09:18:24 - INFO - Rotatable bonds: 0 for 'IC1=CC=C(C(F)(F)F)C=C1' (conformer)
19-Sep-26 09:18:24 - INFO - Generated 1 conformers for 'IC1=CC=C(C(F)(F)F)C=C1' (conformer)
19-Sep-26 09:18:24 - INFO - MMFF optimisation used for 'IC1=CC=C(C(F)(F)F)C=C1' (conformer)
19-Sep-26 09:18:24 - INFO - 37/39  1 clusters, 1 relaxed, rho nan, 0 s (__main__)
19-Sep-26 09:18:24 - INFO - Rotatable bonds: 1 for 'IC1=CC=C(OC)C=C1' (conformer)
19-Sep-26 09:18:24 - INFO - Generated 1 conformers for 'IC1=CC=C(OC)C=C1' (conformer)
19-Sep-26 09:18:24 - INFO - MMFF optimisation used for 'IC1=CC=C(OC)C=C1' (conformer)
19-Sep-26 09:18:25 - INFO - 38/39  1 clusters, 1 relaxed, rho nan, 0 s (__main__)
19-Sep-26 09:18:25 - INFO - Rotatable bonds: 0 for 'BrC1=CC=C(C(F)(F)F)C=C1' (conformer)
19-Sep-26 09:18:25 - INFO - Generated 1 conformers for 'BrC1=CC=C(C(F)(F)F)C=C1' (conformer)
19-Sep-26 09:18:25 - INFO - MMFF optimisation used for 'BrC1=CC=C(C(F)(F)F)C=C1' (conformer)
19-Sep-26 09:18:25 - INFO - 39/39  1 clusters, 1 relaxed, rho nan, 0 s (__main__)
19-Sep-26 09:19:13 - INFO - profiling 20 molecules (__main__)
19-Sep-26 09:19:13 - INFO - Rotatable bonds: 0 for 'CC(N(C)C)=O' (conformer)
19-Sep-26 09:19:13 - INFO - Generated 1 conformers for 'CC(N(C)C)=O' (conformer)
19-Sep-26 09:19:13 - INFO - MMFF optimisation used for 'CC(N(C)C)=O' (conformer)
19-Sep-26 09:19:13 - INFO - Loading MACE model 'C:\\Users\\jeffa\\.cache\\mace\\macemh1model' on cuda (conformer)
19-Sep-26 09:19:13 - WARNING - D:\Conda\envs\aimnet-bo\Lib\site-packages\mace\calculators\mace.py:226: UserWarning: Environment variable TORCH_FORCE_NO_WEIGHTS_ONLY_LOAD detected, since the`weights_only` argument was not explicitly passed to `torch.load`, forcing weights_only=False.
  torch.load(f=model_path, map_location=device)
 (py.warnings)
19-Sep-26 09:19:16 - INFO - CUDA version: 13.0, CUDA device: 0 (root)
19-Sep-26 09:19:16 - INFO - Using head omol out of  ['matpes_r2scan', 'mp_pbe_refit_add', 'spice_wB97M', 'oc20_usemppbe', 'omol', 'omat_pbe'] (root)
19-Sep-26 09:19:18 - INFO - 1/20  1 clusters, 1 relaxed, rho nan, 5 s (__main__)
19-Sep-26 09:19:18 - INFO - Rotatable bonds: 1 for 'CCCC#N' (conformer)
19-Sep-26 09:19:18 - INFO - Generated 3 conformers for 'CCCC#N' (conformer)
19-Sep-26 09:19:18 - INFO - MMFF optimisation used for 'CCCC#N' (conformer)
19-Sep-26 09:19:20 - INFO - 2/20  3 clusters, 3 relaxed, rho -1.00, 2 s (__main__)
19-Sep-26 09:19:20 - INFO - Rotatable bonds: 3 for 'CCCCOC(C)=O' (conformer)
19-Sep-26 09:19:20 - INFO - Generated 24 conformers for 'CCCCOC(C)=O' (conformer)
19-Sep-26 09:19:20 - INFO - MMFF optimisation used for 'CCCCOC(C)=O' (conformer)
19-Sep-26 09:19:27 - INFO - 3/20  22 clusters, 20 relaxed, rho 0.73, 7 s (__main__)
19-Sep-26 09:19:27 - INFO - Rotatable bonds: 0 for 'CC1=CC=C(C)C=C1' (conformer)
19-Sep-26 09:19:27 - INFO - Generated 1 conformers for 'CC1=CC=C(C)C=C1' (conformer)
19-Sep-26 09:19:27 - INFO - MMFF optimisation used for 'CC1=CC=C(C)C=C1' (conformer)
19-Sep-26 09:19:27 - INFO - 4/20  1 clusters, 1 relaxed, rho nan, 0 s (__main__)
19-Sep-26 09:19:27 - INFO - Rotatable bonds: 0 for 'O=C([O-])C.[K+]' (conformer)
19-Sep-26 09:19:27 - INFO - Generated 1 conformers for 'O=C([O-])C.[K+]' (conformer)
19-Sep-26 09:19:27 - INFO - MMFF optimisation used for 'O=C([O-])C.[K+]' (conformer)
19-Sep-26 09:19:29 - INFO - 5/20  1 clusters, 1 relaxed, rho nan, 2 s (__main__)
19-Sep-26 09:19:29 - INFO - Rotatable bonds: 0 for 'O=C([O-])C(C)(C)C.[K+]' (conformer)
19-Sep-26 09:19:29 - INFO - Generated 1 conformers for 'O=C([O-])C(C)(C)C.[K+]' (conformer)
19-Sep-26 09:19:29 - INFO - MMFF optimisation used for 'O=C([O-])C(C)(C)C.[K+]' (conformer)
19-Sep-26 09:19:34 - INFO - 6/20  1 clusters, 1 relaxed, rho nan, 5 s (__main__)
19-Sep-26 09:19:34 - INFO - Rotatable bonds: 0 for 'O=C([O-])C.[Cs+]' (conformer)
19-Sep-26 09:19:34 - INFO - Generated 1 conformers for 'O=C([O-])C.[Cs+]' (conformer)
19-Sep-26 09:19:34 - INFO - UFF optimisation used for 'O=C([O-])C.[Cs+]' (conformer)
19-Sep-26 09:19:38 - INFO - 7/20  1 clusters, 1 relaxed, rho nan, 4 s (__main__)
19-Sep-26 09:19:38 - INFO - Rotatable bonds: 0 for 'O=C([O-])C(C)(C)C.[Cs+]' (conformer)
19-Sep-26 09:19:38 - INFO - Generated 1 conformers for 'O=C([O-])C(C)(C)C.[Cs+]' (conformer)
19-Sep-26 09:19:38 - INFO - UFF optimisation used for 'O=C([O-])C(C)(C)C.[Cs+]' (conformer)
19-Sep-26 09:19:57 - INFO - 8/20  1 clusters, 1 relaxed, rho nan, 19 s (__main__)
19-Sep-26 09:19:57 - INFO - Rotatable bonds: 9 for 'CC(C)C1=CC(C(C)C)=C(C(C(C)C)=C1)C2=C(P(C3CCCCC3)C4CCCCC4)C(OC)=CC=C2OC' (conformer)
19-Sep-26 09:20:08 - INFO - Generated 296 conformers for 'CC(C)C1=CC(C(C)C)=C(C(C(C)C)=C1)C2=C(P(C3CCCCC3)C4CCCCC4)C(OC)=CC=C2OC' (conformer)
19-Sep-26 09:20:11 - INFO - MMFF optimisation used for 'CC(C)C1=CC(C(C)C)=C(C(C(C)C)=C1)C2=C(P(C3CCCCC3)C4CCCCC4)C(OC)=CC=C2OC' (conformer)
19-Sep-26 09:21:00 - INFO - 9/20  17 clusters, 17 relaxed, rho 0.75, 63 s (__main__)
19-Sep-26 09:21:00 - INFO - Rotatable bonds: 1 for 'CC(C)(C)P(C1=CC=CC=C1)C(C)(C)C' (conformer)
19-Sep-26 09:21:00 - INFO - Generated 7 conformers for 'CC(C)(C)P(C1=CC=CC=C1)C(C)(C)C' (conformer)
19-Sep-26 09:21:00 - INFO - MMFF optimisation used for 'CC(C)(C)P(C1=CC=CC=C1)C(C)(C)C' (conformer)
19-Sep-26 09:21:02 - INFO - 10/20  2 clusters, 2 relaxed, rho nan, 2 s (__main__)
19-Sep-26 09:21:02 - INFO - Rotatable bonds: 5 for 'CN(C)C1=CC=CC(N(C)C)=C1C2=CC=CC=C2P(C(C)(C)C)C3=CC=CC=C3' (conformer)
19-Sep-26 09:21:03 - INFO - Generated 27 conformers for 'CN(C)C1=CC=CC(N(C)C)=C1C2=CC=CC=C2P(C(C)(C)C)C3=CC=CC=C3' (conformer)
19-Sep-26 09:21:04 - INFO - MMFF optimisation used for 'CN(C)C1=CC=CC(N(C)C)=C1C2=CC=CC=C2P(C(C)(C)C)C3=CC=CC=C3' (conformer)
19-Sep-26 09:21:19 - INFO - 11/20  5 clusters, 5 relaxed, rho -0.80, 17 s (__main__)
19-Sep-26 09:21:19 - INFO - Rotatable bonds: 3 for 'P(C1CCCCC1)(C2CCCCC2)C3CCCCC3' (conformer)
19-Sep-26 09:21:20 - INFO - Generated 152 conformers for 'P(C1CCCCC1)(C2CCCCC2)C3CCCCC3' (conformer)
19-Sep-26 09:21:21 - INFO - MMFF optimisation used for 'P(C1CCCCC1)(C2CCCCC2)C3CCCCC3' (conformer)
19-Sep-26 09:21:44 - INFO - 12/20  25 clusters, 20 relaxed, rho 0.71, 24 s (__main__)
19-Sep-26 09:21:44 - INFO - Rotatable bonds: 3 for 'P(C1=CC=CC=C1)(C2=CC=CC=C2)C3=CC=CC=C3' (conformer)
19-Sep-26 09:21:44 - INFO - Generated 8 conformers for 'P(C1=CC=CC=C1)(C2=CC=CC=C2)C3=CC=CC=C3' (conformer)
19-Sep-26 09:21:44 - INFO - MMFF optimisation used for 'P(C1=CC=CC=C1)(C2=CC=CC=C2)C3=CC=CC=C3' (conformer)
19-Sep-26 09:21:45 - INFO - 13/20  2 clusters, 2 relaxed, rho nan, 2 s (__main__)
19-Sep-26 09:21:45 - INFO - Rotatable bonds: 7 for 'CC(C1=C(C2=CC=CC=C2P(C3CCCCC3)C4CCCCC4)C(C(C)C)=CC(C(C)C)=C1)C' (conformer)
19-Sep-26 09:21:53 - INFO - Generated 285 conformers for 'CC(C1=C(C2=CC=CC=C2P(C3CCCCC3)C4CCCCC4)C(C(C)C)=CC(C(C)C)=C1)C' (conformer)
19-Sep-26 09:21:55 - INFO - MMFF optimisation used for 'CC(C1=C(C2=CC=CC=C2P(C3CCCCC3)C4CCCCC4)C(C(C)C)=CC(C(C)C)=C1)C' (conformer)
19-Sep-26 09:22:43 - INFO - 14/20  30 clusters, 20 relaxed, rho 0.47, 57 s (__main__)
19-Sep-26 09:22:43 - INFO - Rotatable bonds: 3 for 'P(C1=CC=CO1)(C2=CC=CO2)C3=CC=CO3' (conformer)
19-Sep-26 09:22:43 - INFO - Generated 30 conformers for 'P(C1=CC=CO1)(C2=CC=CO2)C3=CC=CO3' (conformer)
19-Sep-26 09:22:43 - INFO - MMFF optimisation used for 'P(C1=CC=CO1)(C2=CC=CO2)C3=CC=CO3' (conformer)
19-Sep-26 09:22:52 - INFO - 15/20  8 clusters, 8 relaxed, rho -0.79, 9 s (__main__)
19-Sep-26 09:22:52 - INFO - Rotatable bonds: 2 for 'CP(C1=CC=CC=C1)C2=CC=CC=C2' (conformer)
19-Sep-26 09:22:52 - INFO - Generated 8 conformers for 'CP(C1=CC=CC=C1)C2=CC=CC=C2' (conformer)
19-Sep-26 09:22:52 - INFO - MMFF optimisation used for 'CP(C1=CC=CC=C1)C2=CC=CC=C2' (conformer)
19-Sep-26 09:22:53 - INFO - 16/20  2 clusters, 2 relaxed, rho nan, 1 s (__main__)
19-Sep-26 09:22:53 - INFO - Rotatable bonds: 7 for 'CC(OC1=C(P(C2CCCCC2)C3CCCCC3)C(OC(C)C)=CC=C1)C' (conformer)
19-Sep-26 09:22:56 - INFO - Generated 151 conformers for 'CC(OC1=C(P(C2CCCCC2)C3CCCCC3)C(OC(C)C)=CC=C1)C' (conformer)
19-Sep-26 09:22:56 - INFO - MMFF optimisation used for 'CC(OC1=C(P(C2CCCCC2)C3CCCCC3)C(OC(C)C)=CC=C1)C' (conformer)
19-Sep-26 09:23:36 - INFO - 17/20  45 clusters, 20 relaxed, rho 0.69, 43 s (__main__)
19-Sep-26 09:23:36 - INFO - Rotatable bonds: 9 for 'FC(F)(F)C1=CC(P(C2=C(C3=C(C(C)C)C=C(C(C)C)C=C3C(C)C)C(OC)=CC=C2OC)C4=CC(C(F)(F)F)=CC(C(F)(F)F)=C4)=CC(C(F)(F)F)=C1' (conformer)
19-Sep-26 09:26:59 - INFO - Generated 492 conformers for 'FC(F)(F)C1=CC(P(C2=C(C3=C(C(C)C)C=C(C(C)C)C=C3C(C)C)C(OC)=CC=C2OC)C4=CC(C(F)(F)F)=CC(C(F)(F)F)=C4)=CC(C(F)(F)F)=C1' (conformer)
19-Sep-26 09:27:04 - INFO - MMFF optimisation used for 'FC(F)(F)C1=CC(P(C2=C(C3=C(C(C)C)C=C(C(C)C)C=C3C(C)C)C(OC)=CC=C2OC)C4=CC(C(F)(F)F)=CC(C(F)(F)F)=C4)=CC(C(F)(F)F)=C1' (conformer)
19-Sep-26 10:33:17 - INFO - 18/20  38 clusters, 20 relaxed, rho 0.87, 4180 s (__main__)
19-Sep-26 10:33:17 - INFO - Rotatable bonds: 1 for 'C[C@]1(O2)O[C@](C[C@]2(C)P3C4=CC=CC=C4)(C)O[C@]3(C)C1' (conformer)
19-Sep-26 10:33:17 - INFO - Generated 5 conformers for 'C[C@]1(O2)O[C@](C[C@]2(C)P3C4=CC=CC=C4)(C)O[C@]3(C)C1' (conformer)
19-Sep-26 10:33:17 - INFO - MMFF optimisation used for 'C[C@]1(O2)O[C@](C[C@]2(C)P3C4=CC=CC=C4)(C)O[C@]3(C)C1' (conformer)
19-Sep-26 10:33:19 - INFO - 19/20  2 clusters, 2 relaxed, rho nan, 2 s (__main__)
19-Sep-26 10:33:19 - INFO - Rotatable bonds: 1 for 'CP(C)C1=CC=CC=C1' (conformer)
19-Sep-26 10:33:19 - INFO - Generated 3 conformers for 'CP(C)C1=CC=CC=C1' (conformer)
19-Sep-26 10:33:19 - INFO - MMFF optimisation used for 'CP(C)C1=CC=CC=C1' (conformer)
19-Sep-26 10:33:20 - INFO - 20/20  2 clusters, 2 relaxed, rho nan, 1 s (__main__)
19-Sep-26 10:55:27 - INFO - Rotatable bonds: 9 for 'FC(F)(F)C1=CC(P(C2=C(C3=C(C(C)C)C=C(C(C)C)C=C3C(C)C)C(OC)=CC=C2OC)C4=CC(C(F)(F)F)=CC(C(F)(F)F)=C4)=CC(C(F)(F)F)=C1' (conformer)
19-Sep-26 10:57:35 - INFO - Generated 492 conformers for 'FC(F)(F)C1=CC(P(C2=C(C3=C(C(C)C)C=C(C(C)C)C=C3C(C)C)C(OC)=CC=C2OC)C4=CC(C(F)(F)F)=CC(C(F)(F)F)=C4)=CC(C(F)(F)F)=C1' (conformer)
19-Sep-26 10:57:40 - INFO - MMFF optimisation used for 'FC(F)(F)C1=CC(P(C2=C(C3=C(C(C)C)C=C(C(C)C)C=C3C(C)C)C(OC)=CC=C2OC)C4=CC(C(F)(F)F)=CC(C(F)(F)F)=C4)=CC(C(F)(F)F)=C1' (conformer)
19-Sep-26 10:57:40 - INFO - 492 embedded, 492 converged on the force field, 5 left to relax (__main__)
19-Sep-26 10:57:40 - INFO - Loading MACE model 'C:\\Users\\jeffa\\.cache\\mace\\macemh1model' on cuda (conformer)
19-Sep-26 10:57:40 - WARNING - D:\Conda\envs\aimnet-bo\Lib\site-packages\mace\calculators\mace.py:226: UserWarning: Environment variable TORCH_FORCE_NO_WEIGHTS_ONLY_LOAD detected, since the`weights_only` argument was not explicitly passed to `torch.load`, forcing weights_only=False.
  torch.load(f=model_path, map_location=device)
 (py.warnings)
19-Sep-26 10:57:43 - INFO - CUDA version: 13.0, CUDA device: 0 (root)
19-Sep-26 10:57:43 - INFO - Using head omol out of  ['matpes_r2scan', 'mp_pbe_refit_add', 'spice_wB97M', 'oc20_usemppbe', 'omol', 'omat_pbe'] (root)
19-Sep-26 10:58:00 - INFO - 5/5 relaxed, 0.3 min spent, ~0.0 min left (__main__)
19-Sep-26 10:58:05 - INFO - Rotatable bonds: 9 for 'FC(F)(F)C1=CC(P(C2=C(C3=C(C(C)C)C=C(C(C)C)C=C3C(C)C)C(OC)=CC=C2OC)C4=CC(C(F)(F)F)=CC(C(F)(F)F)=C4)=CC(C(F)(F)F)=C1' (conformer)
19-Sep-26 11:00:12 - INFO - Generated 492 conformers for 'FC(F)(F)C1=CC(P(C2=C(C3=C(C(C)C)C=C(C(C)C)C=C3C(C)C)C(OC)=CC=C2OC)C4=CC(C(F)(F)F)=CC(C(F)(F)F)=C4)=CC(C(F)(F)F)=C1' (conformer)
19-Sep-26 11:00:17 - INFO - MMFF optimisation used for 'FC(F)(F)C1=CC(P(C2=C(C3=C(C(C)C)C=C(C(C)C)C=C3C(C)C)C(OC)=CC=C2OC)C4=CC(C(F)(F)F)=CC(C(F)(F)F)=C4)=CC(C(F)(F)F)=C1' (conformer)
19-Sep-26 11:00:17 - INFO - 492 embedded, 492 converged on the force field, 5 left to relax (__main__)
19-Sep-26 11:00:17 - INFO - Loading MACE model 'C:\\Users\\jeffa\\.cache\\mace\\macemh1model' on cuda (conformer)
19-Sep-26 11:00:17 - WARNING - D:\Conda\envs\aimnet-bo\Lib\site-packages\mace\calculators\mace.py:226: UserWarning: Environment variable TORCH_FORCE_NO_WEIGHTS_ONLY_LOAD detected, since the`weights_only` argument was not explicitly passed to `torch.load`, forcing weights_only=False.
  torch.load(f=model_path, map_location=device)
 (py.warnings)
19-Sep-26 11:00:20 - INFO - CUDA version: 13.0, CUDA device: 0 (root)
19-Sep-26 11:00:20 - INFO - Using head omol out of  ['matpes_r2scan', 'mp_pbe_refit_add', 'spice_wB97M', 'oc20_usemppbe', 'omol', 'omat_pbe'] (root)
19-Sep-26 11:00:36 - INFO - 5/5 relaxed, 0.3 min spent, ~0.0 min left (__main__)
19-Sep-26 11:01:59 - INFO - Rotatable bonds: 9 for 'FC(F)(F)C1=CC(P(C2=C(C3=C(C(C)C)C=C(C(C)C)C=C3C(C)C)C(OC)=CC=C2OC)C4=CC(C(F)(F)F)=CC(C(F)(F)F)=C4)=CC(C(F)(F)F)=C1' (conformer)
19-Sep-26 11:04:12 - INFO - Generated 492 conformers for 'FC(F)(F)C1=CC(P(C2=C(C3=C(C(C)C)C=C(C(C)C)C=C3C(C)C)C(OC)=CC=C2OC)C4=CC(C(F)(F)F)=CC(C(F)(F)F)=C4)=CC(C(F)(F)F)=C1' (conformer)
19-Sep-26 11:04:17 - INFO - MMFF optimisation used for 'FC(F)(F)C1=CC(P(C2=C(C3=C(C(C)C)C=C(C(C)C)C=C3C(C)C)C(OC)=CC=C2OC)C4=CC(C(F)(F)F)=CC(C(F)(F)F)=C4)=CC(C(F)(F)F)=C1' (conformer)
19-Sep-26 11:04:17 - INFO - 492 embedded, 492 converged on the force field, 492 left to relax (__main__)
19-Sep-26 11:04:17 - INFO - Loading MACE model 'C:\\Users\\jeffa\\.cache\\mace\\macemh1model' on cuda (conformer)
19-Sep-26 11:04:17 - WARNING - D:\Conda\envs\aimnet-bo\Lib\site-packages\mace\calculators\mace.py:226: UserWarning: Environment variable TORCH_FORCE_NO_WEIGHTS_ONLY_LOAD detected, since the`weights_only` argument was not explicitly passed to `torch.load`, forcing weights_only=False.
  torch.load(f=model_path, map_location=device)
 (py.warnings)
19-Sep-26 11:04:20 - INFO - CUDA version: 13.0, CUDA device: 0 (root)
19-Sep-26 11:04:20 - INFO - Using head omol out of  ['matpes_r2scan', 'mp_pbe_refit_add', 'spice_wB97M', 'oc20_usemppbe', 'omol', 'omat_pbe'] (root)
19-Sep-26 11:04:51 - INFO - 10/492 relaxed, 0.5 min spent, ~24.9 min left (__main__)
19-Sep-26 11:05:21 - INFO - 20/492 relaxed, 1.0 min spent, ~23.7 min left (__main__)
19-Sep-26 11:05:51 - INFO - 30/492 relaxed, 1.5 min spent, ~23.2 min left (__main__)
19-Sep-26 11:06:22 - INFO - 40/492 relaxed, 2.0 min spent, ~22.9 min left (__main__)
19-Sep-26 11:06:54 - INFO - 50/492 relaxed, 2.6 min spent, ~22.6 min left (__main__)
19-Sep-26 11:07:27 - INFO - 60/492 relaxed, 3.1 min spent, ~22.4 min left (__main__)
19-Sep-26 11:07:59 - INFO - 70/492 relaxed, 3.6 min spent, ~21.9 min left (__main__)
19-Sep-26 11:08:30 - INFO - 80/492 relaxed, 4.2 min spent, ~21.4 min left (__main__)
19-Sep-26 11:09:02 - INFO - 90/492 relaxed, 4.7 min spent, ~20.9 min left (__main__)
19-Sep-26 11:09:34 - INFO - 100/492 relaxed, 5.2 min spent, ~20.5 min left (__main__)
19-Sep-26 11:10:07 - INFO - 110/492 relaxed, 5.8 min spent, ~20.1 min left (__main__)
19-Sep-26 11:10:37 - INFO - 120/492 relaxed, 6.3 min spent, ~19.4 min left (__main__)
19-Sep-26 11:11:07 - INFO - 130/492 relaxed, 6.8 min spent, ~18.8 min left (__main__)
19-Sep-26 11:11:37 - INFO - 140/492 relaxed, 7.3 min spent, ~18.3 min left (__main__)
19-Sep-26 11:12:07 - INFO - 150/492 relaxed, 7.8 min spent, ~17.7 min left (__main__)
19-Sep-26 11:12:37 - INFO - 160/492 relaxed, 8.3 min spent, ~17.2 min left (__main__)
